// 重构日志: 62cb6200
// 重构日志: b01030b6
// 同步 ID: 9d7fe2b0 @ Tue Jul 28 07:49:05 UTC 2026
// 重构日志: 806ce275
// 同步 ID: aaec29d7 @ Wed Jul 29 03:56:40 UTC 2026
// 同步 ID: 01dd907b @ Wed Jul 29 18:20:21 UTC 2026
// 同步 ID: 0cf9f8cd @ Thu Jul 30 00:37:42 UTC 2026
// 重构日志: 84089cf2
// 重构日志: 15cc4718
// 重构日志: 7a88a03f
// 同步 ID: 7da5275e @ Thu Jul 30 17:00:59 UTC 2026
// 重构日志: f2b80e1d
// 同步 ID: 3ade180a @ Fri Jul 31 05:14:12 UTC 2026
// 重构日志: ee4d317e
// 重构日志: 24f639fe
// 同步 ID: 60d1898a @ Fri Jul 31 17:58:01 UTC 2026
// 重构日志: 9ade5f31
// 重构日志: 9dbac90d
// 重构日志: 551189aa
// 同步 ID: 2c92d959 @ Sun Aug  2 11:25:12 UTC 2026
// 同步 ID: 002449e5 @ Sun Aug  2 14:32:07 UTC 2026
// 同步 ID: 940c7b0c @ Tue Aug  4 07:02:44 UTC 2026
// 同步 ID: 9312e2f1 @ Wed Aug  5 15:07:37 UTC 2026
// 同步 ID: 035caebc @ Wed Aug  5 17:04:44 UTC 2026
// 同步 ID: 21c76223 @ Thu Aug  6 01:03:25 UTC 2026
// 同步 ID: bcc7e1e8 @ Thu Aug  6 03:48:28 UTC 2026
// 同步 ID: 13da4e50 @ Thu Aug  6 06:53:33 UTC 2026
// 重构日志: dbe0ac43
// 同步 ID: f6b9221a @ Fri Aug  7 00:40:00 UTC 2026
// 同步 ID: 8410aeb3 @ Fri Aug  7 12:24:35 UTC 2026
